[0.000000] (-) TimerEvent: {}
[0.000280] (-) JobUnselected: {'identifier': 'aruco_srvcli'}
[0.000525] (tutorial_interfaces) JobQueued: {'identifier': 'tutorial_interfaces', 'dependencies': OrderedDict()}
[0.000619] (tutorial_interfaces) JobStarted: {'identifier': 'tutorial_interfaces'}
[0.098424] (-) TimerEvent: {}
[0.198985] (-) TimerEvent: {}
[0.285986] (tutorial_interfaces) JobProgress: {'identifier': 'tutorial_interfaces', 'progress': 'cmake'}
[0.287521] (tutorial_interfaces) JobProgress: {'identifier': 'tutorial_interfaces', 'progress': 'build'}
[0.289096] (tutorial_interfaces) Command: {'cmd': ['/usr/bin/cmake', '--build', '/home/advay/mrt/build/tutorial_interfaces', '--', '-j4', '-l4'], 'cwd': '/home/advay/mrt/build/tutorial_interfaces', 'env': OrderedDict([('LESSOPEN', '| /usr/bin/lesspipe %s'), ('LANGUAGE', 'en_IN:en'), ('USER', 'advay'), ('XDG_SESSION_TYPE', 'wayland'), ('SHLVL', '1'), ('LD_LIBRARY_PATH', '/home/advay/mrt/install/tutorial_interfaces/lib:/opt/ros/humble/opt/rviz_ogre_vendor/lib:/opt/ros/humble/lib/x86_64-linux-gnu:/opt/ros/humble/lib'), ('HOME', '/home/advay'), ('OLDPWD', '/home/advay'), ('DESKTOP_SESSION', 'ubuntu'), ('ROS_PYTHON_VERSION', '3'), ('GNOME_SHELL_SESSION_MODE', 'ubuntu'), ('GTK_MODULES', 'gail:atk-bridge'), ('SYSTEMD_EXEC_PID', '2060'), ('DBUS_SESSION_BUS_ADDRESS', 'unix:path=/run/user/1000/bus'), ('COLORTERM', 'truecolor'), ('IM_CONFIG_PHASE', '1'), ('WAYLAND_DISPLAY', 'wayland-0'), ('COLCON_PREFIX_PATH', '/home/advay/mrt/install:/home/advay/erc_ws/install:/home/advay/erc_ws/src/install'), ('ROS_DISTRO', 'humble'), ('LOGNAME', 'advay'), ('_', '/usr/bin/colcon'), ('ROS_VERSION', '2'), ('XDG_SESSION_CLASS', 'user'), ('USERNAME', 'advay'), ('TERM', 'xterm-256color'), ('GNOME_DESKTOP_SESSION_ID', 'this-is-deprecated'), ('ROS_LOCALHOST_ONLY', '0'), ('PATH', '/opt/ros/humble/bin:/home/advay/.local/bin:/usr/local/sbin:/usr/local/bin:/usr/sbin:/usr/bin:/sbin:/bin:/usr/games:/usr/local/games:/snap/bin:/snap/bin'), ('SESSION_MANAGER', 'local/advay-Lenovo-IdeaPad-S340-14IWL:@/tmp/.ICE-unix/935,unix/advay-Lenovo-IdeaPad-S340-14IWL:/tmp/.ICE-unix/935'), ('XDG_MENU_PREFIX', 'gnome-'), ('GNOME_TERMINAL_SCREEN', '/org/gnome/Terminal/screen/62f4b8dc_a877_4881_b442_87eeb71fc69a'), ('GNOME_SETUP_DISPLAY', ':1'), ('XDG_RUNTIME_DIR', '/run/user/1000'), ('DISPLAY', ':0'), ('LANG', 'en_US.UTF-8'), ('XDG_CURRENT_DESKTOP', 'ubuntu:GNOME'), ('XMODIFIERS', '@im=ibus'), ('XDG_SESSION_DESKTOP', 'ubuntu'), ('XAUTHORITY', '/run/user/1000/.mutter-Xwaylandauth.13CGL2'), ('LS_COLORS', 'rs=0:di=01;34:ln=01;36:mh=00:pi=40;33:so=01;35:do=01;35:bd=40;33;01:cd=40;33;01:or=40;31;01:mi=00:su=37;41:sg=30;43:ca=30;41:tw=30;42:ow=34;42:st=37;44:ex=01;32:*.tar=01;31:*.tgz=01;31:*.arc=01;31:*.arj=01;31:*.taz=01;31:*.lha=01;31:*.lz4=01;31:*.lzh=01;31:*.lzma=01;31:*.tlz=01;31:*.txz=01;31:*.tzo=01;31:*.t7z=01;31:*.zip=01;31:*.z=01;31:*.dz=01;31:*.gz=01;31:*.lrz=01;31:*.lz=01;31:*.lzo=01;31:*.xz=01;31:*.zst=01;31:*.tzst=01;31:*.bz2=01;31:*.bz=01;31:*.tbz=01;31:*.tbz2=01;31:*.tz=01;31:*.deb=01;31:*.rpm=01;31:*.jar=01;31:*.war=01;31:*.ear=01;31:*.sar=01;31:*.rar=01;31:*.alz=01;31:*.ace=01;31:*.zoo=01;31:*.cpio=01;31:*.7z=01;31:*.rz=01;31:*.cab=01;31:*.wim=01;31:*.swm=01;31:*.dwm=01;31:*.esd=01;31:*.jpg=01;35:*.jpeg=01;35:*.mjpg=01;35:*.mjpeg=01;35:*.gif=01;35:*.bmp=01;35:*.pbm=01;35:*.pgm=01;35:*.ppm=01;35:*.tga=01;35:*.xbm=01;35:*.xpm=01;35:*.tif=01;35:*.tiff=01;35:*.png=01;35:*.svg=01;35:*.svgz=01;35:*.mng=01;35:*.pcx=01;35:*.mov=01;35:*.mpg=01;35:*.mpeg=01;35:*.m2v=01;35:*.mkv=01;35:*.webm=01;35:*.webp=01;35:*.ogm=01;35:*.mp4=01;35:*.m4v=01;35:*.mp4v=01;35:*.vob=01;35:*.qt=01;35:*.nuv=01;35:*.wmv=01;35:*.asf=01;35:*.rm=01;35:*.rmvb=01;35:*.flc=01;35:*.avi=01;35:*.fli=01;35:*.flv=01;35:*.gl=01;35:*.dl=01;35:*.xcf=01;35:*.xwd=01;35:*.yuv=01;35:*.cgm=01;35:*.emf=01;35:*.ogv=01;35:*.ogx=01;35:*.aac=00;36:*.au=00;36:*.flac=00;36:*.m4a=00;36:*.mid=00;36:*.midi=00;36:*.mka=00;36:*.mp3=00;36:*.mpc=00;36:*.ogg=00;36:*.ra=00;36:*.wav=00;36:*.oga=00;36:*.opus=00;36:*.spx=00;36:*.xspf=00;36:'), ('GNOME_TERMINAL_SERVICE', ':1.114'), ('SSH_AGENT_LAUNCHER', 'gnome-keyring'), ('SSH_AUTH_SOCK', '/run/user/1000/keyring/ssh'), ('AMENT_PREFIX_PATH', '/home/advay/mrt/install/tutorial_interfaces:/home/advay/mrt/install/aruco_srvcli:/home/advay/erc_ws/install/week1_tutorials:/home/advay/erc_ws/install/week0_tutorials:/home/advay/erc_ws/install/task_1:/home/advay/erc_ws/install/sherlock:/home/advay/erc_ws/install/mrs_hudson:/home/advay/erc_ws/install/ep3:/home/advay/erc_ws/src/install/week1_tutorials:/home/advay/erc_ws/src/install/week0_tutorials:/home/advay/erc_ws/src/install/task_1:/home/advay/erc_ws/src/install/sherlock:/opt/ros/humble'), ('SHELL', '/bin/bash'), ('QT_ACCESSIBILITY', '1'), ('GDMSESSION', 'ubuntu'), ('LESSCLOSE', '/usr/bin/lesspipe %s %s'), ('QT_IM_MODULE', 'ibus'), ('PWD', '/home/advay/mrt/build/tutorial_interfaces'), ('LC_ALL', 'en_US.UTF-8'), ('XDG_CONFIG_DIRS', '/etc/xdg/xdg-ubuntu:/etc/xdg'), ('XDG_DATA_DIRS', '/usr/share/ubuntu:/usr/local/share/:/usr/share/:/var/lib/snapd/desktop'), ('PYTHONPATH', '/home/advay/mrt/install/tutorial_interfaces/local/lib/python3.10/dist-packages:/home/advay/mrt/install/aruco_srvcli/lib/python3.10/site-packages:/home/advay/erc_ws/install/week1_tutorials/lib/python3.10/site-packages:/home/advay/erc_ws/install/week0_tutorials/lib/python3.10/site-packages:/home/advay/erc_ws/install/task_1/lib/python3.10/site-packages:/home/advay/erc_ws/install/sherlock/lib/python3.10/site-packages:/home/advay/erc_ws/install/mrs_hudson/lib/python3.10/site-packages:/home/advay/erc_ws/install/ep3/lib/python3.10/site-packages:/home/advay/erc_ws/src/install/week1_tutorials/lib/python3.10/site-packages:/home/advay/erc_ws/src/install/week0_tutorials/lib/python3.10/site-packages:/home/advay/erc_ws/src/install/task_1/lib/python3.10/site-packages:/home/advay/erc_ws/src/install/sherlock/lib/python3.10/site-packages:/opt/ros/humble/lib/python3.10/site-packages:/opt/ros/humble/local/lib/python3.10/dist-packages'), ('COLCON', '1'), ('VTE_VERSION', '6800'), ('CMAKE_PREFIX_PATH', '/home/advay/mrt/install/tutorial_interfaces')]), 'shell': False}
[0.299112] (-) TimerEvent: {}
[0.356227] (tutorial_interfaces) StdoutLine: {'line': b'-- Found ament_cmake: 1.3.6 (/opt/ros/humble/share/ament_cmake/cmake)\n'}
[0.399289] (-) TimerEvent: {}
[0.499765] (-) TimerEvent: {}
[0.600282] (-) TimerEvent: {}
[0.700770] (-) TimerEvent: {}
[0.774406] (tutorial_interfaces) StdoutLine: {'line': b'-- Found geometry_msgs: 4.2.3 (/opt/ros/humble/share/geometry_msgs/cmake)\n'}
[0.800915] (-) TimerEvent: {}
[0.841754] (tutorial_interfaces) StdoutLine: {'line': b'-- Found rosidl_generator_c: 3.1.5 (/opt/ros/humble/share/rosidl_generator_c/cmake)\n'}
[0.848910] (tutorial_interfaces) StdoutLine: {'line': b'-- Found rosidl_adapter: 3.1.5 (/opt/ros/humble/share/rosidl_adapter/cmake)\n'}
[0.867571] (tutorial_interfaces) StdoutLine: {'line': b'-- Found rosidl_generator_cpp: 3.1.5 (/opt/ros/humble/share/rosidl_generator_cpp/cmake)\n'}
[0.898078] (tutorial_interfaces) StdoutLine: {'line': b'-- Using all available rosidl_typesupport_c: rosidl_typesupport_fastrtps_c;rosidl_typesupport_introspection_c\n'}
[0.901075] (-) TimerEvent: {}
[0.941807] (tutorial_interfaces) StdoutLine: {'line': b'-- Using all available rosidl_typesupport_cpp: rosidl_typesupport_fastrtps_cpp;rosidl_typesupport_introspection_cpp\n'}
[1.001244] (-) TimerEvent: {}
[1.101829] (-) TimerEvent: {}
[1.202378] (-) TimerEvent: {}
[1.280747] (tutorial_interfaces) StdoutLine: {'line': b'-- Found rosidl_default_generators: 1.2.0 (/opt/ros/humble/share/rosidl_default_generators/cmake)\n'}
[1.302496] (-) TimerEvent: {}
[1.403039] (-) TimerEvent: {}
[1.503587] (-) TimerEvent: {}
[1.604173] (-) TimerEvent: {}
[1.715610] (-) TimerEvent: {}
[1.816157] (-) TimerEvent: {}
[1.916695] (-) TimerEvent: {}
[1.939341] (tutorial_interfaces) StderrLine: {'line': b"Error parsing '/home/advay/mrt/src/tutorial_interfaces/package.xml':\n"}
[2.016888] (-) TimerEvent: {}
[2.095874] (tutorial_interfaces) StderrLine: {'line': b'Traceback (most recent call last):\n'}
[2.096668] (tutorial_interfaces) StderrLine: {'line': b'  File "/usr/lib/python3/dist-packages/catkin_pkg/package.py", line 610, in parse_package_string\n'}
[2.097108] (tutorial_interfaces) StderrLine: {'line': b'    root = dom.parseString(data)\n'}
[2.097463] (tutorial_interfaces) StderrLine: {'line': b'  File "/usr/lib/python3.10/xml/dom/minidom.py", line 2000, in parseString\n'}
[2.098009] (tutorial_interfaces) StderrLine: {'line': b'    return expatbuilder.parseString(string)\n'}
[2.098557] (tutorial_interfaces) StderrLine: {'line': b'  File "/usr/lib/python3.10/xml/dom/expatbuilder.py", line 925, in parseString\n'}
[2.099435] (tutorial_interfaces) StderrLine: {'line': b'    return builder.parseString(string)\n'}
[2.099939] (tutorial_interfaces) StderrLine: {'line': b'  File "/usr/lib/python3.10/xml/dom/expatbuilder.py", line 223, in parseString\n'}
[2.100538] (tutorial_interfaces) StderrLine: {'line': b'    parser.Parse(string, True)\n'}
[2.100934] (tutorial_interfaces) StderrLine: {'line': b'xml.parsers.expat.ExpatError: mismatched tag: line 23, column 2\n'}
[2.101308] (tutorial_interfaces) StderrLine: {'line': b'\n'}
[2.101660] (tutorial_interfaces) StderrLine: {'line': b'During handling of the above exception, another exception occurred:\n'}
[2.102024] (tutorial_interfaces) StderrLine: {'line': b'\n'}
[2.102429] (tutorial_interfaces) StderrLine: {'line': b'Traceback (most recent call last):\n'}
[2.102814] (tutorial_interfaces) StderrLine: {'line': b'  File "/opt/ros/humble/share/ament_cmake_core/cmake/core/package_xml_2_cmake.py", line 150, in <module>\n'}
[2.103183] (tutorial_interfaces) StderrLine: {'line': b'    main()\n'}
[2.103547] (tutorial_interfaces) StderrLine: {'line': b'  File "/opt/ros/humble/share/ament_cmake_core/cmake/core/package_xml_2_cmake.py", line 53, in main\n'}
[2.103921] (tutorial_interfaces) StderrLine: {'line': b'    raise e\n'}
[2.104290] (tutorial_interfaces) StderrLine: {'line': b'  File "/opt/ros/humble/share/ament_cmake_core/cmake/core/package_xml_2_cmake.py", line 49, in main\n'}
[2.104654] (tutorial_interfaces) StderrLine: {'line': b'    package = parse_package_string(\n'}
[2.105056] (tutorial_interfaces) StderrLine: {'line': b'  File "/usr/lib/python3/dist-packages/catkin_pkg/package.py", line 612, in parse_package_string\n'}
[2.105456] (tutorial_interfaces) StderrLine: {'line': b"    raise InvalidPackage('The manifest contains invalid XML:\\n%s' % ex, filename)\n"}
[2.105861] (tutorial_interfaces) StderrLine: {'line': b"catkin_pkg.package.InvalidPackage: Error(s) in package '/home/advay/mrt/src/tutorial_interfaces/package.xml':\n"}
[2.106265] (tutorial_interfaces) StderrLine: {'line': b'The manifest contains invalid XML:\n'}
[2.106719] (tutorial_interfaces) StderrLine: {'line': b'mismatched tag: line 23, column 2\n'}
[2.117095] (-) TimerEvent: {}
[2.152704] (tutorial_interfaces) StderrLine: {'line': b'\x1b[31mCMake Error at /opt/ros/humble/share/ament_cmake_core/cmake/core/ament_package_xml.cmake:95 (message):\n'}
[2.153333] (tutorial_interfaces) StderrLine: {'line': b'  execute_process(/usr/bin/python3.10\n'}
[2.153656] (tutorial_interfaces) StderrLine: {'line': b'  /opt/ros/humble/share/ament_cmake_core/cmake/core/package_xml_2_cmake.py\n'}
[2.153924] (tutorial_interfaces) StderrLine: {'line': b'  /home/advay/mrt/src/tutorial_interfaces/package.xml\n'}
[2.154178] (tutorial_interfaces) StderrLine: {'line': b'  /home/advay/mrt/build/tutorial_interfaces/ament_cmake_core/package.cmake)\n'}
[2.154485] (tutorial_interfaces) StderrLine: {'line': b'  returned error code 1\n'}
[2.154742] (tutorial_interfaces) StderrLine: {'line': b'Call Stack (most recent call first):\n'}
[2.154987] (tutorial_interfaces) StderrLine: {'line': b'  /opt/ros/humble/share/ament_cmake_core/cmake/core/ament_package_xml.cmake:49 (_ament_package_xml)\n'}
[2.155234] (tutorial_interfaces) StderrLine: {'line': b'  /opt/ros/humble/share/rosidl_cmake/cmake/rosidl_generate_interfaces.cmake:226 (ament_package_xml)\n'}
[2.155480] (tutorial_interfaces) StderrLine: {'line': b'  CMakeLists.txt:16 (rosidl_generate_interfaces)\n'}
[2.155724] (tutorial_interfaces) StderrLine: {'line': b'\n'}
[2.155966] (tutorial_interfaces) StderrLine: {'line': b'\x1b[0m\n'}
[2.156241] (tutorial_interfaces) StdoutLine: {'line': b'-- Configuring incomplete, errors occurred!\n'}
[2.156505] (tutorial_interfaces) StdoutLine: {'line': b'See also "/home/advay/mrt/build/tutorial_interfaces/CMakeFiles/CMakeOutput.log".\n'}
[2.178496] (tutorial_interfaces) StderrLine: {'line': b'gmake: *** [Makefile:1179: cmake_check_build_system] Error 1\n'}
[2.185499] (tutorial_interfaces) CommandEnded: {'returncode': 2}
[2.186972] (tutorial_interfaces) JobEnded: {'identifier': 'tutorial_interfaces', 'rc': 2}
[2.197824] (-) EventReactorShutdown: {}
