[0.295s] Invoking command in '/home/advay/mrt/build/tutorial_interfaces': /usr/bin/cmake --build /home/advay/mrt/build/tutorial_interfaces -- -j4 -l4
[0.366s] -- Found ament_cmake: 1.3.6 (/opt/ros/humble/share/ament_cmake/cmake)
[0.795s] -- Found geometry_msgs: 4.2.3 (/opt/ros/humble/share/geometry_msgs/cmake)
[0.873s] -- Found rosidl_generator_c: 3.1.5 (/opt/ros/humble/share/rosidl_generator_c/cmake)
[0.881s] -- Found rosidl_adapter: 3.1.5 (/opt/ros/humble/share/rosidl_adapter/cmake)
[0.898s] -- Found rosidl_generator_cpp: 3.1.5 (/opt/ros/humble/share/rosidl_generator_cpp/cmake)
[0.942s] -- Using all available rosidl_typesupport_c: rosidl_typesupport_fastrtps_c;rosidl_typesupport_introspection_c
[0.990s] -- Using all available rosidl_typesupport_cpp: rosidl_typesupport_fastrtps_cpp;rosidl_typesupport_introspection_cpp
[1.327s] -- Found rosidl_default_generators: 1.2.0 (/opt/ros/humble/share/rosidl_default_generators/cmake)
[1.371s] -- Found sensor_msgs: 4.2.3 (/opt/ros/humble/share/sensor_msgs/cmake)
[2.536s] Error parsing '/home/advay/mrt/src/tutorial_interfaces/package.xml':
[2.709s] Traceback (most recent call last):
[2.709s]   File "/usr/lib/python3/dist-packages/catkin_pkg/package.py", line 610, in parse_package_string
[2.710s]     root = dom.parseString(data)
[2.710s]   File "/usr/lib/python3.10/xml/dom/minidom.py", line 2000, in parseString
[2.711s]     return expatbuilder.parseString(string)
[2.712s]   File "/usr/lib/python3.10/xml/dom/expatbuilder.py", line 925, in parseString
[2.712s]     return builder.parseString(string)
[2.713s]   File "/usr/lib/python3.10/xml/dom/expatbuilder.py", line 223, in parseString
[2.713s]     parser.Parse(string, True)
[2.714s] xml.parsers.expat.ExpatError: mismatched tag: line 24, column 2
[2.714s] 
[2.714s] During handling of the above exception, another exception occurred:
[2.716s] 
[2.716s] Traceback (most recent call last):
[2.717s]   File "/opt/ros/humble/share/ament_cmake_core/cmake/core/package_xml_2_cmake.py", line 150, in <module>
[2.717s]     main()
[2.717s]   File "/opt/ros/humble/share/ament_cmake_core/cmake/core/package_xml_2_cmake.py", line 53, in main
[2.718s]     raise e
[2.718s]   File "/opt/ros/humble/share/ament_cmake_core/cmake/core/package_xml_2_cmake.py", line 49, in main
[2.719s]     package = parse_package_string(
[2.719s]   File "/usr/lib/python3/dist-packages/catkin_pkg/package.py", line 612, in parse_package_string
[2.719s]     raise InvalidPackage('The manifest contains invalid XML:\n%s' % ex, filename)
[2.720s] catkin_pkg.package.InvalidPackage: Error(s) in package '/home/advay/mrt/src/tutorial_interfaces/package.xml':
[2.720s] The manifest contains invalid XML:
[2.720s] mismatched tag: line 24, column 2
[2.764s] [31mCMake Error at /opt/ros/humble/share/ament_cmake_core/cmake/core/ament_package_xml.cmake:95 (message):
[2.765s]   execute_process(/usr/bin/python3.10
[2.765s]   /opt/ros/humble/share/ament_cmake_core/cmake/core/package_xml_2_cmake.py
[2.765s]   /home/advay/mrt/src/tutorial_interfaces/package.xml
[2.766s]   /home/advay/mrt/build/tutorial_interfaces/ament_cmake_core/package.cmake)
[2.766s]   returned error code 1
[2.766s] Call Stack (most recent call first):
[2.766s]   /opt/ros/humble/share/ament_cmake_core/cmake/core/ament_package_xml.cmake:49 (_ament_package_xml)
[2.767s]   /opt/ros/humble/share/rosidl_cmake/cmake/rosidl_generate_interfaces.cmake:226 (ament_package_xml)
[2.767s]   CMakeLists.txt:17 (rosidl_generate_interfaces)
[2.767s] 
[2.767s] [0m
[2.768s] -- Configuring incomplete, errors occurred!
[2.768s] See also "/home/advay/mrt/build/tutorial_interfaces/CMakeFiles/CMakeOutput.log".
[2.790s] gmake: *** [Makefile:1179: cmake_check_build_system] Error 1
[2.797s] Invoked command in '/home/advay/mrt/build/tutorial_interfaces' returned '2': /usr/bin/cmake --build /home/advay/mrt/build/tutorial_interfaces -- -j4 -l4
